Extensions: writing cache failed ([Errno 13] Permission denied: 'C:\\Users\\chorr\\AppData\\Roaming\\Blender Foundation\\Blender\\5.2\\extensions\\.cache\\compat.dat').
18:14:57 | INFO: Data are loaded, start creating Blender stuff
18:14:57 | INFO: Blender create Mesh node 0
18:14:57 | INFO: glTF import finished in 0.18s
00:10.297  geom.mesh        | ERROR Face 10203 is a duplicate of 10183
00:10.297  geom.mesh        | ERROR Face 3363 is a duplicate of 3347
00:10.297  geom.mesh        | ERROR Face 3537 is a duplicate of 3525
00:10.297  geom.mesh        | ERROR Face 5220 is a duplicate of 5199
00:10.297  geom.mesh        | ERROR Face 5260 is a duplicate of 5231
00:10.297  geom.mesh        | ERROR Face 7819 is a duplicate of 7778
00:10.297  geom.mesh        | ERROR Face 8494 is a duplicate of 8488
INFO Draco is available, use library at C:\Program Files\Blender Foundation\Blender 5.2\5.2\scripts\addons_core\io_scene_gltf2\bf_intern_draco_bridge.dll
INFO MeshOptimizer is available, use library at C:\Program Files\Blender Foundation\Blender 5.2\5.2\scripts\addons_core\io_scene_gltf2\bf_intern_meshopt_bridge.dll
18:15:03 | INFO: Starting glTF 2.0 export
18:15:03 | INFO: Extracting primitive: Mesh_0
18:15:03 | INFO: Primitives created: 1
18:15:03 | INFO: Finished glTF 2.0 export in 0.1578671932220459 s

PROTOTYPE_PREPARATION {"source": "edf/Earth Yamato Class Gunstar Battlecruiser v3 Series.glb", "faction": "EAR", "sourceSha256": "82b7781011c34aea740ff0098e140996deacbf1f2de248162d06ed582c76bc20", "sourceBytes": 23863792, "output": "ear-yamato.glb", "outputBytes": 769464, "outputSha256": "814e502ca5193c9740b2d5d988ffc095e830aa84f408b9e34b2379fe8b5128ae", "validation": {"corrected": true, "beforeVerticesEdgesFaces": [12661, 38650, 25928], "afterVerticesEdgesFaces": [12661, 38650, 25921]}, "sourceTriangles": 284078, "outputTriangles": 25921, "ratio": 0.0915241588577785, "miniatureLengthMm": 81.79021142491715, "mmPerUnit": 10, "maximumVertexToSurfaceErrorMm": 0.3136311990536538, "errorMethod": "Both directions, all vertices to closest triangle; not a certified surface Hausdorff bound", "sourceComponentCount": 10, "outputComponentCount": 10, "sourceMaterials": ["lambert2SG.001"], "authoredColourRegions": true, "sourceColourAttribute": "COLOR_0", "sourcePalette": {"009fd7": {"linearRGB": [0.0, 0.6235294342041016, 0.843137264251709], "sourceVertices": 179757}, "a7adb1": {"linearRGB": [0.6549019813537598, 0.6784313917160034, 0.6941176652908325], "sourceVertices": 34995}, "0076a9": {"linearRGB": [0.0, 0.4627451002597809, 0.6627451181411743], "sourceVertices": 40662}, "fafafa": {"linearRGB": [0.9803921580314636, 0.9803921580314636, 0.9803921580314636], "sourceVertices": 12990}, "f5831f": {"linearRGB": [0.9607843160629272, 0.5137255191802979, 0.12156862765550613], "sourceVertices": 63126}, "bfc7cc": {"linearRGB": [0.7490196228027344, 0.7803921699523926, 0.800000011920929], "sourceVertices": 232200}, "e91d2d": {"linearRGB": [0.9137254953384399, 0.11372549086809158, 0.1764705926179886], "sourceVertices": 230544}, "61676a": {"linearRGB": [0.3803921639919281, 0.40392157435417175, 0.4156862795352936], "sourceVertices": 41643}, "e1ad34": {"linearRGB": [0.8823529481887817, 0.6784313917160034, 0.20392157137393951], "sourceVertices": 12435}, "46b749": {"linearRGB": [0.27450981736183167, 0.7176470756530762, 0.2862745225429535], "sourceVertices": 3882}}, "physicalEmission": false, "orientation": "Source longitudinal +X normalized to +X; source Z up. No rules facing or new system anatomy inferred."}
Blender 5.2.0 LTS (hash fbe6228777e7 built 2026-07-14 01:35:40)

Blender quit
