Extensions: writing cache failed ([Errno 13] Permission denied: 'C:\\Users\\chorr\\AppData\\Roaming\\Blender Foundation\\Blender\\5.2\\extensions\\.cache\\compat.dat').
18:22:45 | INFO: Data are loaded, start creating Blender stuff
18:22:45 | INFO: Blender create Mesh node 0
18:22:45 | INFO: glTF import finished in 0.01s
00:02.265  geom.mesh        | ERROR Face 10312 is a duplicate of 9806
00:02.265  geom.mesh        | ERROR Face 10778 is a duplicate of 10506
00:02.265  geom.mesh        | ERROR Face 11004 is a duplicate of 10980
00:02.265  geom.mesh        | ERROR Face 11067 is a duplicate of 2109
00:02.265  geom.mesh        | ERROR Face 11422 is a duplicate of 4186
00:02.265  geom.mesh        | ERROR Face 11538 is a duplicate of 2448
00:02.265  geom.mesh        | ERROR Face 11664 is a duplicate of 2627
00:02.265  geom.mesh        | ERROR Face 12020 is a duplicate of 6680
00:02.265  geom.mesh        | ERROR Face 12190 is a duplicate of 7921
00:02.265  geom.mesh        | ERROR Face 12208 is a duplicate of 6995
00:02.265  geom.mesh        | ERROR Face 12301 is a duplicate of 12251
00:02.265  geom.mesh        | ERROR Face 12335 is a duplicate of 12287
00:02.265  geom.mesh        | ERROR Face 12871 is a duplicate of 10682
00:02.265  geom.mesh        | ERROR Face 12976 is a duplicate of 11211
00:02.265  geom.mesh        | ERROR Face 13405 is a duplicate of 2170
00:02.265  geom.mesh        | ERROR Face 13419 is a duplicate of 2174
00:02.265  geom.mesh        | ERROR Face 2184 is a duplicate of 2119
00:02.265  geom.mesh        | ERROR Face 2185 is a duplicate of 2135
00:02.265  geom.mesh        | ERROR Face 2186 is a duplicate of 2147
00:02.265  geom.mesh        | ERROR Face 2554 is a duplicate of 2164
00:02.265  geom.mesh        | ERROR Face 2636 is a duplicate of 2549
00:02.265  geom.mesh        | ERROR Face 4186 is a duplicate of 4109
00:02.265  geom.mesh        | ERROR Face 4221 is a duplicate of 4188
00:02.265  geom.mesh        | ERROR Face 4742 is a duplicate of 4498
00:02.265  geom.mesh        | ERROR Face 5628 is a duplicate of 5250
00:02.265  geom.mesh        | ERROR Face 6149 is a duplicate of 6100
00:02.265  geom.mesh        | ERROR Face 6785 is a duplicate of 6529
00:02.265  geom.mesh        | ERROR Face 7222 is a duplicate of 6790
00:02.265  geom.mesh        | ERROR Face 7744 is a duplicate of 6096
00:02.265  geom.mesh        | ERROR Face 7935 is a duplicate of 7802
00:02.265  geom.mesh        | ERROR Face 8051 is a duplicate of 7955
00:02.265  geom.mesh        | ERROR Face 9164 is a duplicate of 9136
00:02.265  geom.mesh        | ERROR Face 9180 is a duplicate of 9147
00:02.265  geom.mesh        | ERROR Face 9268 is a duplicate of 8435
00:02.265  geom.mesh        | ERROR Face 9279 is a duplicate of 9161
INFO Draco is available, use library at C:\Program Files\Blender Foundation\Blender 5.2\5.2\scripts\addons_core\io_scene_gltf2\bf_intern_draco_bridge.dll
INFO MeshOptimizer is available, use library at C:\Program Files\Blender Foundation\Blender 5.2\5.2\scripts\addons_core\io_scene_gltf2\bf_intern_meshopt_bridge.dll
18:22:45 | INFO: Starting glTF 2.0 export
18:22:45 | INFO: Extracting primitive: Mesh_0
18:22:45 | INFO: Primitives created: 1
18:22:45 | INFO: Finished glTF 2.0 export in 0.05931997299194336 s

PROTOTYPE_PREPARATION {"source": "vtw/Vraygon VCA-02 _Crystal_ Heavy Cruiser.glb", "faction": "VRA", "sourceSha256": "89daa406de61fb037fbf4639c3716032792763b8490189e24c6cfafd87e3b282", "sourceBytes": 1987232, "output": "vra-crystal.glb", "outputBytes": 436336, "outputSha256": "705f5f3be7277cc325fefe2d53f3abd5dc1529112ca5e06db2f7d9bf1840a5e6", "validation": {"corrected": true, "beforeVerticesEdgesFaces": [7129, 21207, 14138], "afterVerticesEdgesFaces": [7129, 21207, 14103]}, "sourceTriangles": 23642, "outputTriangles": 14103, "ratio": 0.6, "miniatureLengthMm": 71.94311045835283, "mmPerUnit": 10, "maximumVertexToSurfaceErrorMm": 0.11411286616505842, "errorMethod": "Both directions, all vertices to closest triangle; not a certified surface Hausdorff bound", "sourceComponentCount": 53, "outputComponentCount": 53, "sourceMaterials": ["lambert2SG.001"], "authoredColourRegions": true, "sourceColourAttribute": "COLOR_0", "sourcePalette": {"75cedb": {"linearRGB": [0.4588235318660736, 0.8078431487083435, 0.8588235378265381], "sourceVertices": 1605}, "7e3f98": {"linearRGB": [0.4941176474094391, 0.24705882370471954, 0.5960784554481506], "sourceVertices": 7788}, "ffdd1a": {"linearRGB": [1.0, 0.8666666746139526, 0.10196078568696976], "sourceVertices": 8304}, "f5831f": {"linearRGB": [0.9607843160629272, 0.5137255191802979, 0.12156862765550613], "sourceVertices": 3660}, "e1ad34": {"linearRGB": [0.8823529481887817, 0.6784313917160034, 0.20392157137393951], "sourceVertices": 33072}, "46b749": {"linearRGB": [0.27450981736183167, 0.7176470756530762, 0.2862745225429535], "sourceVertices": 879}, "d3bfe5": {"linearRGB": [0.8274509906768799, 0.7490196228027344, 0.8980392217636108], "sourceVertices": 15450}, "e91d2d": {"linearRGB": [0.9137254953384399, 0.11372549086809158, 0.1764705926179886], "sourceVertices": 168}}, "physicalEmission": false, "orientation": "Source longitudinal +X normalized to +X; source Z up. No rules facing or new system anatomy inferred."}
Blender 5.2.0 LTS (hash fbe6228777e7 built 2026-07-14 01:35:40)

Blender quit
