Extensions: writing cache failed ([Errno 13] Permission denied: 'C:\\Users\\chorr\\AppData\\Roaming\\Blender Foundation\\Blender\\5.2\\extensions\\.cache\\compat.dat').
18:22:39 | INFO: Data are loaded, start creating Blender stuff
18:22:39 | INFO: Blender create Mesh node 0
18:22:39 | INFO: glTF import finished in 0.01s
00:02.157  geom.mesh        | ERROR Face 7523 is a duplicate of 6452
00:02.157  geom.mesh        | ERROR Face 7803 is a duplicate of 1030
00:02.157  geom.mesh        | ERROR Face 7982 is a duplicate of 1053
00:02.157  geom.mesh        | ERROR Face 8271 is a duplicate of 6938
00:02.157  geom.mesh        | ERROR Face 8337 is a duplicate of 8119
00:02.157  geom.mesh        | ERROR Face 8995 is a duplicate of 1826
00:02.157  geom.mesh        | ERROR Face 9031 is a duplicate of 1850
00:02.157  geom.mesh        | ERROR Face 9073 is a duplicate of 1858
00:02.157  geom.mesh        | ERROR Face 9106 is a duplicate of 1868
00:02.157  geom.mesh        | ERROR Face 9132 is a duplicate of 1879
INFO Draco is available, use library at C:\Program Files\Blender Foundation\Blender 5.2\5.2\scripts\addons_core\io_scene_gltf2\bf_intern_draco_bridge.dll
INFO MeshOptimizer is available, use library at C:\Program Files\Blender Foundation\Blender 5.2\5.2\scripts\addons_core\io_scene_gltf2\bf_intern_meshopt_bridge.dll
18:22:39 | INFO: Starting glTF 2.0 export
18:22:39 | INFO: Extracting primitive: Mesh_0
18:22:39 | INFO: Primitives created: 1
18:22:39 | INFO: Finished glTF 2.0 export in 0.05958962440490723 s

PROTOTYPE_PREPARATION {"source": "vtw/Vraygon VDD-05 _Avalanche_ Class.glb", "faction": "VRA", "sourceSha256": "4c7c3ceb7d8830f5532bb6565fa2d3d81441925801169fa32550d73365f666fd", "sourceBytes": 1312020, "output": "vra-avalanche.glb", "outputBytes": 291076, "outputSha256": "0c2950447e078f93725db970829f7fd2a2cc4b5bfbdee8f86bbc3708f258d4b8", "validation": {"corrected": true, "beforeVerticesEdgesFaces": [4723, 13993, 9326], "afterVerticesEdgesFaces": [4723, 13993, 9316]}, "sourceTriangles": 15604, "outputTriangles": 9316, "ratio": 0.6, "miniatureLengthMm": 49.25039424416418, "mmPerUnit": 10, "maximumVertexToSurfaceErrorMm": 0.08491828472870483, "errorMethod": "Both directions, all vertices to closest triangle; not a certified surface Hausdorff bound", "sourceComponentCount": 40, "outputComponentCount": 40, "sourceMaterials": ["lambert2SG.001"], "authoredColourRegions": true, "sourceColourAttribute": "COLOR_0", "sourcePalette": {"e91d2d": {"linearRGB": [0.9137254953384399, 0.11372549086809158, 0.1764705926179886], "sourceVertices": 84}, "7e3f98": {"linearRGB": [0.4941176474094391, 0.24705882370471954, 0.5960784554481506], "sourceVertices": 9018}, "d3bfe5": {"linearRGB": [0.8274509906768799, 0.7490196228027344, 0.8980392217636108], "sourceVertices": 16830}, "ffdd1a": {"linearRGB": [1.0, 0.8666666746139526, 0.10196078568696976], "sourceVertices": 3819}, "e1ad34": {"linearRGB": [0.8823529481887817, 0.6784313917160034, 0.20392157137393951], "sourceVertices": 14940}, "f5831f": {"linearRGB": [0.9607843160629272, 0.5137255191802979, 0.12156862765550613], "sourceVertices": 1743}, "46b749": {"linearRGB": [0.27450981736183167, 0.7176470756530762, 0.2862745225429535], "sourceVertices": 378}}, "physicalEmission": false, "orientation": "Source longitudinal +X normalized to +X; source Z up. No rules facing or new system anatomy inferred."}
Blender 5.2.0 LTS (hash fbe6228777e7 built 2026-07-14 01:35:40)

Blender quit
